// Jest Snapshot v1, https://goo.gl/fbAQLP

exports[`Navbar should render Navbar correctly 1`] = `
<nav>
  <div
    className="container"
  >
    <div
      className="user container__inner"
    >
      <div
        className="user__image"
      />
      <div
        className="user__data"
      >
        <h3
          className="user__name"
        >
          Antonija
        </h3>
        <span>
          Admin
        </span>
      </div>
    </div>
  </div>
</nav>
`;
